exports[`Storyshots IconWrapper default 1`] = `
<div
  className="klGKGa">
  ðŸš€
</div>
`;
